MPASM 03.20.07 Released                               EJ1.ASM   8-23-2019  0:21:08         PAGE  1


LOC  OBJECT CODE     LINE SOURCE TEXT
  VALUE

                      00001 ;--------------------------------------------------------------------
                      00002 ; Nombre del archivo: ej1.asm
                      00003 ;--------------------------------------------------------------------
                      00004 ; Descripción: Realizar un toggle en el pin RA2 cada 50 mS (sin habilitar
                      00005 ; interrupciones). (Un toggle es invertir el estado de ese bit o pín).
                      00006 ; 
                      00007 ;--------------------------------------------------------------------
                      00008 ; Versión ensamblador: MPASM™ Assembler v5.42
                      00009 ; p16F84.inc
                      00010 ;--------------------------------------------------------------------
                      00011 ; Descripción del Hardware:
                      00012 ;
                      00013 ;                     1 --------------16
                      00014 ;                      |RA2  °|_|  RA1|
                      00015 ;                      |RA3        RA0| 
                      00016 ;                      |RA4/T0CKI OSC2| XTAL
                      00017 ;          R10 K a Vdd |/MCLR     OSC1| XTAL
                      00018 ;                  GND |VSS        VDD| 5V 
                      00019 ;                      |RB0/INT    RB7|
                      00020 ;                      |RB1        RB6|
                      00021 ;                      |RB2        RB5|
                      00022 ;                      |RB3        RB4| -> 
                      00023 ;                     9 --------------10
                      00024 ;
                      00025 ; Frecuencia del oscilador externo: 4MHz (XT)
                      00026 ;--------------------------------------------------------------------
                      00027 ; Autores: Nicolás Rozenberg & Camilo Elman       
                      00028 ;--------------------------------------------------------------------
                      00029         LIST    p=PIC16F84A
                      00030         INCLUDE <p16f84a.inc>
                      00001         LIST
                      00002 ; P16F84A.INC  Standard Header File, Version 2.00    Microchip Technology, Inc.
                      00134         LIST
2007   3FF1           00031         __CONFIG _WDT_OFF & _PWRTE_ON & _CP_OFF & _XT_OSC
                      00032         ERRORLEVEL      -302
                      00033 
                      00034 ;- Definiciones y Equivalencias --------------------------------------
                      00035 #DEFINE bank0   bcf     STATUS,RP0              ; Cambio al banco 0
                      00036 #DEFINE bank1   bsf     STATUS,RP0              ; Cambio al banco 1     
                      00037 ;- Vectores ---------------------------------------------------------
0000                  00038         ORG         0x000       ; Vector de Reset
0000   0103           00039         clrw
0001   2802           00040         goto    Main            
                      00041 
                      00042 ;--------------------------------------------------------------------
0002                  00043 Main
0002   1683           00044         bank1
0003   0185           00045         clrf    TRISA
0004   0186           00046         clrf    TRISB
0005   3007           00047         movlw   b'00000111' ; Frecuencia se divide en 256
0006   0081           00048         movwf   OPTION_REG
                      00049         
0007   1283           00050         bank0
MPASM 03.20.07 Released                               EJ1.ASM   8-23-2019  0:21:08         PAGE  2


LOC  OBJECT CODE     LINE SOURCE TEXT
  VALUE

                      00051         
0008                  00052 Loop
0008   200C           00053         call    _50mS
0009   3004           00054         movlw   1<<2
Message[305]: Using default destination of 1 (file).
000A   0685           00055         xorwf   PORTA
000B   2808           00056         goto    Loop
                      00057         
                      00058 ;- Subrutinas -----------------------------------------------------------------
                      00059 
000C                  00060 _50mS
000C   303D           00061         movlw   .61                     ; 256-195. 195 se consigue mediante
                      00062                                                 ; 50000 uS / 256 uS, siendo 256 uS el
                      00063                                                 ; período del TMR0
000D   0081           00064         movwf   TMR0 
000E                  00065 Ask
000E   1D0B           00066         btfss   INTCON, T0IF            ; wait for flag set
000F   280E           00067         goto    Ask
0010   110B           00068         bcf             INTCON, T0IF
0011   0008           00069         return
                      00070         
                      00071         END                                     ; FIN del pgm
MPASM 03.20.07 Released                               EJ1.ASM   8-23-2019  0:21:08         PAGE  3


SYMBOL TABLE
  LABEL                             VALUE 

Ask                               0000000E
C                                 00000000
DC                                00000001
EEADR                             00000009
EECON1                            00000088
EECON2                            00000089
EEDATA                            00000008
EEIE                              00000006
EEIF                              00000004
F                                 00000001
FSR                               00000004
GIE                               00000007
INDF                              00000000
INTCON                            0000000B
INTE                              00000004
INTEDG                            00000006
INTF                              00000001
IRP                               00000007
Loop                              00000008
Main                              00000002
NOT_PD                            00000003
NOT_RBPU                          00000007
NOT_TO                            00000004
OPTION_REG                        00000081
PCL                               00000002
PCLATH                            0000000A
PORTA                             00000005
PORTB                             00000006
PS0                               00000000
PS1                               00000001
PS2                               00000002
PSA                               00000003
RBIE                              00000003
RBIF                              00000000
RD                                00000000
RP0                               00000005
RP1                               00000006
STATUS                            00000003
T0CS                              00000005
T0IE                              00000005
T0IF                              00000002
T0SE                              00000004
TMR0                              00000001
TRISA                             00000085
TRISB                             00000086
W                                 00000000
WR                                00000001
WREN                              00000002
WRERR                             00000003
Z                                 00000002
_50mS                             0000000C
_CP_OFF                           00003FFF
_CP_ON                            0000000F
MPASM 03.20.07 Released                               EJ1.ASM   8-23-2019  0:21:08         PAGE  4


SYMBOL TABLE
  LABEL                             VALUE 

_HS_OSC                           00003FFE
_LP_OSC                           00003FFC
_PWRTE_OFF                        00003FFF
_PWRTE_ON                         00003FF7
_RC_OSC                           00003FFF
_WDT_OFF                          00003FFB
_WDT_ON                           00003FFF
_XT_OSC                           00003FFD
__16F84A                          00000001
bank0                             bcf     STATUS,RP0
bank1                             bsf     STATUS,RP0


MEMORY USAGE MAP ('X' = Used,  '-' = Unused)

0000 : XXXXXXXXXXXXXXXX XX-------------- ---------------- ----------------
2000 : -------X-------- ---------------- ---------------- ----------------

All other memory blocks unused.

Program Memory Words Used:    18
Program Memory Words Free:  1006


Errors   :     0
Warnings :     0 reported,     0 suppressed
Messages :     1 reported,     3 suppressed

